Model: 231,296 params  device=mps  chunk_attn=256
Loaded: logs/hmn_chunk_local_32_stage1/checkpoints/stage0_end.pt

[stage 0] n_chunks=4 chunk_len=16 slot=4 wl=8 depth=2 traj_mix=[('iq_global_rw', None, np.float64(1.0))] eval_traj=iq_global_rw L~116  B=8  steps=200000  actual_argmax=False

--- stage=0 step=5000/200000  g=5000  loss=5.1577  00:01:02 ---
  val/iq_global_rw[win(0,2)_nc4]/up_counter      BPB=7.980  match=0.0%
  val/iq_global_rw[win(0,2)_nc4]/down_counter    BPB=7.981  match=0.0%
  val/iq_global_rw[win(0,2)_nc4]/odd             BPB=7.947  match=0.0%
  val/iq_global_rw[win(0,2)_nc4]/MEAN               match=0.0%
  val/iq_global_rw[win(1,3)_nc4]/up_counter      BPB=7.188  match=4.2%
  val/iq_global_rw[win(1,3)_nc4]/down_counter    BPB=7.378  match=4.2%
  val/iq_global_rw[win(1,3)_nc4]/odd             BPB=7.370  match=0.0%
  val/iq_global_rw[win(1,3)_nc4]/MEAN               match=2.8%
  val/iq_global_rw[win(2,4)_nc4]/up_counter      BPB=8.156  match=4.2%
  val/iq_global_rw[win(2,4)_nc4]/down_counter    BPB=8.466  match=0.0%
  val/iq_global_rw[win(2,4)_nc4]/odd             BPB=8.083  match=0.0%
  val/iq_global_rw[win(2,4)_nc4]/MEAN               match=1.4%
  val/iq_global_rw[win(0,4)_nc4]/MEAN               match=1.4%
  val/MEAN (all iq_global_rw variants)  match=1.4%
  [new best] stage=0 step=5000 val_mean=1.4% -> logs/hmn_chunk_global_iq_rw_nc4_s1_restart/checkpoints/stage0_best.pt

--- stage=0 step=10000/200000  g=10000  loss=4.9633  00:02:05 ---
  val/iq_global_rw[win(0,2)_nc4]/up_counter      BPB=8.147  match=0.0%
  val/iq_global_rw[win(0,2)_nc4]/down_counter    BPB=7.558  match=0.0%
  val/iq_global_rw[win(0,2)_nc4]/odd             BPB=8.200  match=0.0%
  val/iq_global_rw[win(0,2)_nc4]/MEAN               match=0.0%
  val/iq_global_rw[win(1,3)_nc4]/up_counter      BPB=6.663  match=4.2%
  val/iq_global_rw[win(1,3)_nc4]/down_counter    BPB=6.865  match=0.0%
  val/iq_global_rw[win(1,3)_nc4]/odd             BPB=7.092  match=4.2%
  val/iq_global_rw[win(1,3)_nc4]/MEAN               match=2.8%
  val/iq_global_rw[win(2,4)_nc4]/up_counter      BPB=7.751  match=0.0%
  val/iq_global_rw[win(2,4)_nc4]/down_counter    BPB=8.002  match=0.0%
  val/iq_global_rw[win(2,4)_nc4]/odd             BPB=7.895  match=4.2%
  val/iq_global_rw[win(2,4)_nc4]/MEAN               match=1.4%
  val/iq_global_rw[win(0,4)_nc4]/MEAN               match=1.4%
  val/MEAN (all iq_global_rw variants)  match=1.4%

--- stage=0 step=15000/200000  g=15000  loss=4.3875  00:03:06 ---
  val/iq_global_rw[win(0,2)_nc4]/up_counter      BPB=7.395  match=0.0%
  val/iq_global_rw[win(0,2)_nc4]/down_counter    BPB=7.829  match=0.0%
  val/iq_global_rw[win(0,2)_nc4]/odd             BPB=7.500  match=0.0%
  val/iq_global_rw[win(0,2)_nc4]/MEAN               match=0.0%
  val/iq_global_rw[win(1,3)_nc4]/up_counter      BPB=6.172  match=0.0%
  val/iq_global_rw[win(1,3)_nc4]/down_counter    BPB=6.445  match=0.0%
  val/iq_global_rw[win(1,3)_nc4]/odd             BPB=6.622  match=0.0%
  val/iq_global_rw[win(1,3)_nc4]/MEAN               match=0.0%
  val/iq_global_rw[win(2,4)_nc4]/up_counter      BPB=7.513  match=0.0%
  val/iq_global_rw[win(2,4)_nc4]/down_counter    BPB=7.960  match=0.0%
  val/iq_global_rw[win(2,4)_nc4]/odd             BPB=8.019  match=0.0%
  val/iq_global_rw[win(2,4)_nc4]/MEAN               match=0.0%
  val/iq_global_rw[win(0,4)_nc4]/MEAN               match=0.0%
  val/MEAN (all iq_global_rw variants)  match=0.0%

--- stage=0 step=20000/200000  g=20000  loss=4.1056  00:04:08 ---
  val/iq_global_rw[win(0,2)_nc4]/up_counter      BPB=8.204  match=0.0%
  val/iq_global_rw[win(0,2)_nc4]/down_counter    BPB=7.794  match=0.0%
  val/iq_global_rw[win(0,2)_nc4]/odd             BPB=7.844  match=0.0%
  val/iq_global_rw[win(0,2)_nc4]/MEAN               match=0.0%
  val/iq_global_rw[win(1,3)_nc4]/up_counter      BPB=5.852  match=4.2%
  val/iq_global_rw[win(1,3)_nc4]/down_counter    BPB=5.853  match=0.0%
  val/iq_global_rw[win(1,3)_nc4]/odd             BPB=5.876  match=0.0%
  val/iq_global_rw[win(1,3)_nc4]/MEAN               match=1.4%
  val/iq_global_rw[win(2,4)_nc4]/up_counter      BPB=7.416  match=0.0%
  val/iq_global_rw[win(2,4)_nc4]/down_counter    BPB=7.261  match=0.0%
  val/iq_global_rw[win(2,4)_nc4]/odd             BPB=8.201  match=0.0%
  val/iq_global_rw[win(2,4)_nc4]/MEAN               match=0.0%
  val/iq_global_rw[win(0,4)_nc4]/MEAN               match=0.5%
  val/MEAN (all iq_global_rw variants)  match=0.5%

--- stage=0 step=25000/200000  g=25000  loss=3.8714  00:05:10 ---
  val/iq_global_rw[win(0,2)_nc4]/up_counter      BPB=7.397  match=0.0%
  val/iq_global_rw[win(0,2)_nc4]/down_counter    BPB=7.547  match=0.0%
  val/iq_global_rw[win(0,2)_nc4]/odd             BPB=7.560  match=0.0%
  val/iq_global_rw[win(0,2)_nc4]/MEAN               match=0.0%
  val/iq_global_rw[win(1,3)_nc4]/up_counter      BPB=5.114  match=0.0%
  val/iq_global_rw[win(1,3)_nc4]/down_counter    BPB=5.087  match=0.0%
  val/iq_global_rw[win(1,3)_nc4]/odd             BPB=5.189  match=4.2%
  val/iq_global_rw[win(1,3)_nc4]/MEAN               match=1.4%
  val/iq_global_rw[win(2,4)_nc4]/up_counter      BPB=7.573  match=0.0%
  val/iq_global_rw[win(2,4)_nc4]/down_counter    BPB=8.004  match=0.0%
  val/iq_global_rw[win(2,4)_nc4]/odd             BPB=8.316  match=0.0%
  val/iq_global_rw[win(2,4)_nc4]/MEAN               match=0.0%
  val/iq_global_rw[win(0,4)_nc4]/MEAN               match=0.5%
  val/MEAN (all iq_global_rw variants)  match=0.5%

--- stage=0 step=30000/200000  g=30000  loss=4.2997  00:06:15 ---
  val/iq_global_rw[win(0,2)_nc4]/up_counter      BPB=7.224  match=0.0%
  val/iq_global_rw[win(0,2)_nc4]/down_counter    BPB=7.720  match=0.0%
  val/iq_global_rw[win(0,2)_nc4]/odd             BPB=7.522  match=0.0%
  val/iq_global_rw[win(0,2)_nc4]/MEAN               match=0.0%
  val/iq_global_rw[win(1,3)_nc4]/up_counter      BPB=4.970  match=0.0%
  val/iq_global_rw[win(1,3)_nc4]/down_counter    BPB=5.037  match=4.2%
  val/iq_global_rw[win(1,3)_nc4]/odd             BPB=5.108  match=4.2%
  val/iq_global_rw[win(1,3)_nc4]/MEAN               match=2.8%
  val/iq_global_rw[win(2,4)_nc4]/up_counter      BPB=7.435  match=0.0%
  val/iq_global_rw[win(2,4)_nc4]/down_counter    BPB=7.790  match=0.0%
  val/iq_global_rw[win(2,4)_nc4]/odd             BPB=8.120  match=0.0%
  val/iq_global_rw[win(2,4)_nc4]/MEAN               match=0.0%
  val/iq_global_rw[win(0,4)_nc4]/MEAN               match=0.9%
  val/MEAN (all iq_global_rw variants)  match=0.9%

--- stage=0 step=35000/200000  g=35000  loss=3.7067  00:07:21 ---
  val/iq_global_rw[win(0,2)_nc4]/up_counter      BPB=6.983  match=4.2%
  val/iq_global_rw[win(0,2)_nc4]/down_counter    BPB=7.659  match=0.0%
  val/iq_global_rw[win(0,2)_nc4]/odd             BPB=7.195  match=0.0%
  val/iq_global_rw[win(0,2)_nc4]/MEAN               match=1.4%
  val/iq_global_rw[win(1,3)_nc4]/up_counter      BPB=4.326  match=0.0%
  val/iq_global_rw[win(1,3)_nc4]/down_counter    BPB=4.724  match=0.0%
  val/iq_global_rw[win(1,3)_nc4]/odd             BPB=4.966  match=0.0%
  val/iq_global_rw[win(1,3)_nc4]/MEAN               match=0.0%
  val/iq_global_rw[win(2,4)_nc4]/up_counter      BPB=6.996  match=0.0%
  val/iq_global_rw[win(2,4)_nc4]/down_counter    BPB=7.705  match=4.2%
  val/iq_global_rw[win(2,4)_nc4]/odd             BPB=6.908  match=4.2%
  val/iq_global_rw[win(2,4)_nc4]/MEAN               match=2.8%
  val/iq_global_rw[win(0,4)_nc4]/MEAN               match=1.4%
  val/MEAN (all iq_global_rw variants)  match=1.4%

--- stage=0 step=40000/200000  g=40000  loss=3.4187  00:08:28 ---
  val/iq_global_rw[win(0,2)_nc4]/up_counter      BPB=6.740  match=0.0%
  val/iq_global_rw[win(0,2)_nc4]/down_counter    BPB=7.502  match=0.0%
  val/iq_global_rw[win(0,2)_nc4]/odd             BPB=7.134  match=0.0%
  val/iq_global_rw[win(0,2)_nc4]/MEAN               match=0.0%
  val/iq_global_rw[win(1,3)_nc4]/up_counter      BPB=4.050  match=0.0%
  val/iq_global_rw[win(1,3)_nc4]/down_counter    BPB=4.405  match=0.0%
  val/iq_global_rw[win(1,3)_nc4]/odd             BPB=4.612  match=0.0%
  val/iq_global_rw[win(1,3)_nc4]/MEAN               match=0.0%
  val/iq_global_rw[win(2,4)_nc4]/up_counter      BPB=7.453  match=4.2%
  val/iq_global_rw[win(2,4)_nc4]/down_counter    BPB=8.374  match=0.0%
  val/iq_global_rw[win(2,4)_nc4]/odd             BPB=7.261  match=4.2%
  val/iq_global_rw[win(2,4)_nc4]/MEAN               match=2.8%
  val/iq_global_rw[win(0,4)_nc4]/MEAN               match=0.9%
  val/MEAN (all iq_global_rw variants)  match=0.9%

--- stage=0 step=45000/200000  g=45000  loss=3.0568  00:09:34 ---
  val/iq_global_rw[win(0,2)_nc4]/up_counter      BPB=6.311  match=0.0%
  val/iq_global_rw[win(0,2)_nc4]/down_counter    BPB=7.064  match=4.2%
  val/iq_global_rw[win(0,2)_nc4]/odd             BPB=6.712  match=0.0%
  val/iq_global_rw[win(0,2)_nc4]/MEAN               match=1.4%
  val/iq_global_rw[win(1,3)_nc4]/up_counter      BPB=3.830  match=0.0%
  val/iq_global_rw[win(1,3)_nc4]/down_counter    BPB=4.313  match=0.0%
  val/iq_global_rw[win(1,3)_nc4]/odd             BPB=4.180  match=0.0%
  val/iq_global_rw[win(1,3)_nc4]/MEAN               match=0.0%
  val/iq_global_rw[win(2,4)_nc4]/up_counter      BPB=7.099  match=0.0%
  val/iq_global_rw[win(2,4)_nc4]/down_counter    BPB=8.005  match=0.0%
  val/iq_global_rw[win(2,4)_nc4]/odd             BPB=6.479  match=4.2%
  val/iq_global_rw[win(2,4)_nc4]/MEAN               match=1.4%
  val/iq_global_rw[win(0,4)_nc4]/MEAN               match=0.9%
  val/MEAN (all iq_global_rw variants)  match=0.9%

--- stage=0 step=50000/200000  g=50000  loss=3.3177  00:10:40 ---
  val/iq_global_rw[win(0,2)_nc4]/up_counter      BPB=6.384  match=0.0%
  val/iq_global_rw[win(0,2)_nc4]/down_counter    BPB=6.644  match=0.0%
  val/iq_global_rw[win(0,2)_nc4]/odd             BPB=6.976  match=0.0%
  val/iq_global_rw[win(0,2)_nc4]/MEAN               match=0.0%
  val/iq_global_rw[win(1,3)_nc4]/up_counter      BPB=3.828  match=0.0%
  val/iq_global_rw[win(1,3)_nc4]/down_counter    BPB=4.248  match=0.0%
  val/iq_global_rw[win(1,3)_nc4]/odd             BPB=4.232  match=0.0%
  val/iq_global_rw[win(1,3)_nc4]/MEAN               match=0.0%
  val/iq_global_rw[win(2,4)_nc4]/up_counter      BPB=6.979  match=8.3%
  val/iq_global_rw[win(2,4)_nc4]/down_counter    BPB=7.848  match=0.0%
  val/iq_global_rw[win(2,4)_nc4]/odd             BPB=6.299  match=0.0%
  val/iq_global_rw[win(2,4)_nc4]/MEAN               match=2.8%
  val/iq_global_rw[win(0,4)_nc4]/MEAN               match=0.9%
  val/MEAN (all iq_global_rw variants)  match=0.9%

--- stage=0 step=55000/200000  g=55000  loss=3.0538  00:11:47 ---
  val/iq_global_rw[win(0,2)_nc4]/up_counter      BPB=6.084  match=0.0%
  val/iq_global_rw[win(0,2)_nc4]/down_counter    BPB=6.438  match=0.0%
  val/iq_global_rw[win(0,2)_nc4]/odd             BPB=6.759  match=0.0%
  val/iq_global_rw[win(0,2)_nc4]/MEAN               match=0.0%
  val/iq_global_rw[win(1,3)_nc4]/up_counter      BPB=3.443  match=0.0%
  val/iq_global_rw[win(1,3)_nc4]/down_counter    BPB=4.216  match=0.0%
  val/iq_global_rw[win(1,3)_nc4]/odd             BPB=3.951  match=0.0%
  val/iq_global_rw[win(1,3)_nc4]/MEAN               match=0.0%
  val/iq_global_rw[win(2,4)_nc4]/up_counter      BPB=7.139  match=4.2%
  val/iq_global_rw[win(2,4)_nc4]/down_counter    BPB=7.524  match=0.0%
  val/iq_global_rw[win(2,4)_nc4]/odd             BPB=6.319  match=4.2%
  val/iq_global_rw[win(2,4)_nc4]/MEAN               match=2.8%
  val/iq_global_rw[win(0,4)_nc4]/MEAN               match=0.9%
  val/MEAN (all iq_global_rw variants)  match=0.9%

--- stage=0 step=60000/200000  g=60000  loss=2.8164  00:12:54 ---
  val/iq_global_rw[win(0,2)_nc4]/up_counter      BPB=5.944  match=0.0%
  val/iq_global_rw[win(0,2)_nc4]/down_counter    BPB=6.415  match=0.0%
  val/iq_global_rw[win(0,2)_nc4]/odd             BPB=6.751  match=0.0%
  val/iq_global_rw[win(0,2)_nc4]/MEAN               match=0.0%
  val/iq_global_rw[win(1,3)_nc4]/up_counter      BPB=3.306  match=0.0%
  val/iq_global_rw[win(1,3)_nc4]/down_counter    BPB=4.101  match=0.0%
  val/iq_global_rw[win(1,3)_nc4]/odd             BPB=3.812  match=0.0%
  val/iq_global_rw[win(1,3)_nc4]/MEAN               match=0.0%
  val/iq_global_rw[win(2,4)_nc4]/up_counter      BPB=7.110  match=0.0%
  val/iq_global_rw[win(2,4)_nc4]/down_counter    BPB=7.202  match=0.0%
  val/iq_global_rw[win(2,4)_nc4]/odd             BPB=6.247  match=4.2%
  val/iq_global_rw[win(2,4)_nc4]/MEAN               match=1.4%
  val/iq_global_rw[win(0,4)_nc4]/MEAN               match=0.5%
  val/MEAN (all iq_global_rw variants)  match=0.5%

--- stage=0 step=65000/200000  g=65000  loss=2.7016  00:13:59 ---
  val/iq_global_rw[win(0,2)_nc4]/up_counter      BPB=5.857  match=0.0%
  val/iq_global_rw[win(0,2)_nc4]/down_counter    BPB=6.418  match=0.0%
  val/iq_global_rw[win(0,2)_nc4]/odd             BPB=6.677  match=0.0%
  val/iq_global_rw[win(0,2)_nc4]/MEAN               match=0.0%
  val/iq_global_rw[win(1,3)_nc4]/up_counter      BPB=3.201  match=0.0%
  val/iq_global_rw[win(1,3)_nc4]/down_counter    BPB=4.148  match=0.0%
  val/iq_global_rw[win(1,3)_nc4]/odd             BPB=3.732  match=0.0%
  val/iq_global_rw[win(1,3)_nc4]/MEAN               match=0.0%
  val/iq_global_rw[win(2,4)_nc4]/up_counter      BPB=7.177  match=4.2%
  val/iq_global_rw[win(2,4)_nc4]/down_counter    BPB=7.143  match=0.0%
  val/iq_global_rw[win(2,4)_nc4]/odd             BPB=6.318  match=4.2%
  val/iq_global_rw[win(2,4)_nc4]/MEAN               match=2.8%
  val/iq_global_rw[win(0,4)_nc4]/MEAN               match=0.9%
  val/MEAN (all iq_global_rw variants)  match=0.9%

--- stage=0 step=70000/200000  g=70000  loss=3.4253  00:15:04 ---
  val/iq_global_rw[win(0,2)_nc4]/up_counter      BPB=5.877  match=0.0%
  val/iq_global_rw[win(0,2)_nc4]/down_counter    BPB=6.414  match=4.2%
  val/iq_global_rw[win(0,2)_nc4]/odd             BPB=6.776  match=0.0%
  val/iq_global_rw[win(0,2)_nc4]/MEAN               match=1.4%
  val/iq_global_rw[win(1,3)_nc4]/up_counter      BPB=3.164  match=0.0%
  val/iq_global_rw[win(1,3)_nc4]/down_counter    BPB=4.122  match=0.0%
  val/iq_global_rw[win(1,3)_nc4]/odd             BPB=3.701  match=0.0%
  val/iq_global_rw[win(1,3)_nc4]/MEAN               match=0.0%
  val/iq_global_rw[win(2,4)_nc4]/up_counter      BPB=7.166  match=4.2%
  val/iq_global_rw[win(2,4)_nc4]/down_counter    BPB=7.075  match=0.0%
  val/iq_global_rw[win(2,4)_nc4]/odd             BPB=6.321  match=4.2%
  val/iq_global_rw[win(2,4)_nc4]/MEAN               match=2.8%
  val/iq_global_rw[win(0,4)_nc4]/MEAN               match=1.4%
  val/MEAN (all iq_global_rw variants)  match=1.4%

--- stage=0 step=75000/200000  g=75000  loss=2.9086  00:16:08 ---
  val/iq_global_rw[win(0,2)_nc4]/up_counter      BPB=5.916  match=0.0%
  val/iq_global_rw[win(0,2)_nc4]/down_counter    BPB=6.302  match=0.0%
  val/iq_global_rw[win(0,2)_nc4]/odd             BPB=6.904  match=0.0%
  val/iq_global_rw[win(0,2)_nc4]/MEAN               match=0.0%
  val/iq_global_rw[win(1,3)_nc4]/up_counter      BPB=2.911  match=0.0%
  val/iq_global_rw[win(1,3)_nc4]/down_counter    BPB=3.963  match=8.3%
  val/iq_global_rw[win(1,3)_nc4]/odd             BPB=3.863  match=4.2%
  val/iq_global_rw[win(1,3)_nc4]/MEAN               match=4.2%
  val/iq_global_rw[win(2,4)_nc4]/up_counter      BPB=7.100  match=0.0%
  val/iq_global_rw[win(2,4)_nc4]/down_counter    BPB=6.697  match=0.0%
  val/iq_global_rw[win(2,4)_nc4]/odd             BPB=6.325  match=4.2%
  val/iq_global_rw[win(2,4)_nc4]/MEAN               match=1.4%
  val/iq_global_rw[win(0,4)_nc4]/MEAN               match=1.9%
  val/MEAN (all iq_global_rw variants)  match=1.9%
  [new best] stage=0 step=75000 val_mean=1.9% -> logs/hmn_chunk_global_iq_rw_nc4_s1_restart/checkpoints/stage0_best.pt

--- stage=0 step=80000/200000  g=80000  loss=3.0390  00:17:14 ---
  val/iq_global_rw[win(0,2)_nc4]/up_counter      BPB=5.451  match=0.0%
  val/iq_global_rw[win(0,2)_nc4]/down_counter    BPB=5.962  match=0.0%
  val/iq_global_rw[win(0,2)_nc4]/odd             BPB=6.296  match=4.2%
  val/iq_global_rw[win(0,2)_nc4]/MEAN               match=1.4%
  val/iq_global_rw[win(1,3)_nc4]/up_counter      BPB=3.035  match=4.2%
  val/iq_global_rw[win(1,3)_nc4]/down_counter    BPB=3.474  match=4.2%
  val/iq_global_rw[win(1,3)_nc4]/odd             BPB=3.016  match=0.0%
  val/iq_global_rw[win(1,3)_nc4]/MEAN               match=2.8%
  val/iq_global_rw[win(2,4)_nc4]/up_counter      BPB=7.196  match=4.2%
  val/iq_global_rw[win(2,4)_nc4]/down_counter    BPB=6.908  match=4.2%
  val/iq_global_rw[win(2,4)_nc4]/odd             BPB=6.334  match=4.2%
  val/iq_global_rw[win(2,4)_nc4]/MEAN               match=4.2%
  val/iq_global_rw[win(0,4)_nc4]/MEAN               match=2.8%
  val/MEAN (all iq_global_rw variants)  match=2.8%
  [new best] stage=0 step=80000 val_mean=2.8% -> logs/hmn_chunk_global_iq_rw_nc4_s1_restart/checkpoints/stage0_best.pt

--- stage=0 step=85000/200000  g=85000  loss=2.6601  00:18:20 ---
  val/iq_global_rw[win(0,2)_nc4]/up_counter      BPB=5.638  match=0.0%
  val/iq_global_rw[win(0,2)_nc4]/down_counter    BPB=5.712  match=0.0%
  val/iq_global_rw[win(0,2)_nc4]/odd             BPB=6.644  match=0.0%
  val/iq_global_rw[win(0,2)_nc4]/MEAN               match=0.0%
  val/iq_global_rw[win(1,3)_nc4]/up_counter      BPB=2.804  match=4.2%
  val/iq_global_rw[win(1,3)_nc4]/down_counter    BPB=2.707  match=4.2%
  val/iq_global_rw[win(1,3)_nc4]/odd             BPB=2.961  match=0.0%
  val/iq_global_rw[win(1,3)_nc4]/MEAN               match=2.8%
  val/iq_global_rw[win(2,4)_nc4]/up_counter      BPB=6.923  match=0.0%
  val/iq_global_rw[win(2,4)_nc4]/down_counter    BPB=6.778  match=4.2%
  val/iq_global_rw[win(2,4)_nc4]/odd             BPB=6.241  match=4.2%
  val/iq_global_rw[win(2,4)_nc4]/MEAN               match=2.8%
  val/iq_global_rw[win(0,4)_nc4]/MEAN               match=1.9%
  val/MEAN (all iq_global_rw variants)  match=1.9%

--- stage=0 step=90000/200000  g=90000  loss=3.2594  00:19:25 ---
  val/iq_global_rw[win(0,2)_nc4]/up_counter      BPB=5.571  match=0.0%
  val/iq_global_rw[win(0,2)_nc4]/down_counter    BPB=5.764  match=0.0%
  val/iq_global_rw[win(0,2)_nc4]/odd             BPB=6.294  match=0.0%
  val/iq_global_rw[win(0,2)_nc4]/MEAN               match=0.0%
  val/iq_global_rw[win(1,3)_nc4]/up_counter      BPB=2.277  match=4.2%
  val/iq_global_rw[win(1,3)_nc4]/down_counter    BPB=2.476  match=4.2%
  val/iq_global_rw[win(1,3)_nc4]/odd             BPB=2.463  match=8.3%
  val/iq_global_rw[win(1,3)_nc4]/MEAN               match=5.6%
  val/iq_global_rw[win(2,4)_nc4]/up_counter      BPB=6.622  match=4.2%
  val/iq_global_rw[win(2,4)_nc4]/down_counter    BPB=6.848  match=4.2%
  val/iq_global_rw[win(2,4)_nc4]/odd             BPB=6.068  match=4.2%
  val/iq_global_rw[win(2,4)_nc4]/MEAN               match=4.2%
  val/iq_global_rw[win(0,4)_nc4]/MEAN               match=3.2%
  val/MEAN (all iq_global_rw variants)  match=3.2%
  [new best] stage=0 step=90000 val_mean=3.2% -> logs/hmn_chunk_global_iq_rw_nc4_s1_restart/checkpoints/stage0_best.pt

--- stage=0 step=95000/200000  g=95000  loss=2.9905  00:20:32 ---
  val/iq_global_rw[win(0,2)_nc4]/up_counter      BPB=5.454  match=0.0%
  val/iq_global_rw[win(0,2)_nc4]/down_counter    BPB=5.732  match=4.2%
  val/iq_global_rw[win(0,2)_nc4]/odd             BPB=6.075  match=0.0%
  val/iq_global_rw[win(0,2)_nc4]/MEAN               match=1.4%
  val/iq_global_rw[win(1,3)_nc4]/up_counter      BPB=2.386  match=4.2%
  val/iq_global_rw[win(1,3)_nc4]/down_counter    BPB=2.731  match=8.3%
  val/iq_global_rw[win(1,3)_nc4]/odd             BPB=2.340  match=8.3%
  val/iq_global_rw[win(1,3)_nc4]/MEAN               match=6.9%
  val/iq_global_rw[win(2,4)_nc4]/up_counter      BPB=6.610  match=0.0%
  val/iq_global_rw[win(2,4)_nc4]/down_counter    BPB=6.622  match=4.2%
  val/iq_global_rw[win(2,4)_nc4]/odd             BPB=6.050  match=4.2%
  val/iq_global_rw[win(2,4)_nc4]/MEAN               match=2.8%
  val/iq_global_rw[win(0,4)_nc4]/MEAN               match=3.7%
  val/MEAN (all iq_global_rw variants)  match=3.7%
  [new best] stage=0 step=95000 val_mean=3.7% -> logs/hmn_chunk_global_iq_rw_nc4_s1_restart/checkpoints/stage0_best.pt

--- stage=0 step=100000/200000  g=100000  loss=3.3879  00:21:38 ---
  val/iq_global_rw[win(0,2)_nc4]/up_counter      BPB=5.476  match=0.0%
  val/iq_global_rw[win(0,2)_nc4]/down_counter    BPB=5.786  match=0.0%
  val/iq_global_rw[win(0,2)_nc4]/odd             BPB=6.298  match=4.2%
  val/iq_global_rw[win(0,2)_nc4]/MEAN               match=1.4%
  val/iq_global_rw[win(1,3)_nc4]/up_counter      BPB=2.255  match=4.2%
  val/iq_global_rw[win(1,3)_nc4]/down_counter    BPB=2.361  match=0.0%
  val/iq_global_rw[win(1,3)_nc4]/odd             BPB=2.533  match=4.2%
  val/iq_global_rw[win(1,3)_nc4]/MEAN               match=2.8%
  val/iq_global_rw[win(2,4)_nc4]/up_counter      BPB=6.650  match=4.2%
  val/iq_global_rw[win(2,4)_nc4]/down_counter    BPB=6.781  match=4.2%
  val/iq_global_rw[win(2,4)_nc4]/odd             BPB=6.066  match=4.2%
  val/iq_global_rw[win(2,4)_nc4]/MEAN               match=4.2%
  val/iq_global_rw[win(0,4)_nc4]/MEAN               match=2.8%
  val/MEAN (all iq_global_rw variants)  match=2.8%

--- stage=0 step=105000/200000  g=105000  loss=2.5838  00:22:43 ---
  val/iq_global_rw[win(0,2)_nc4]/up_counter      BPB=5.476  match=0.0%
  val/iq_global_rw[win(0,2)_nc4]/down_counter    BPB=5.664  match=4.2%
  val/iq_global_rw[win(0,2)_nc4]/odd             BPB=6.070  match=4.2%
  val/iq_global_rw[win(0,2)_nc4]/MEAN               match=2.8%
  val/iq_global_rw[win(1,3)_nc4]/up_counter      BPB=2.176  match=4.2%
  val/iq_global_rw[win(1,3)_nc4]/down_counter    BPB=2.060  match=4.2%
  val/iq_global_rw[win(1,3)_nc4]/odd             BPB=2.397  match=4.2%
  val/iq_global_rw[win(1,3)_nc4]/MEAN               match=4.2%
  val/iq_global_rw[win(2,4)_nc4]/up_counter      BPB=6.487  match=0.0%
  val/iq_global_rw[win(2,4)_nc4]/down_counter    BPB=6.756  match=4.2%
  val/iq_global_rw[win(2,4)_nc4]/odd             BPB=5.914  match=0.0%
  val/iq_global_rw[win(2,4)_nc4]/MEAN               match=1.4%
  val/iq_global_rw[win(0,4)_nc4]/MEAN               match=2.8%
  val/MEAN (all iq_global_rw variants)  match=2.8%

--- stage=0 step=110000/200000  g=110000  loss=2.7910  00:23:48 ---
  val/iq_global_rw[win(0,2)_nc4]/up_counter      BPB=5.559  match=0.0%
  val/iq_global_rw[win(0,2)_nc4]/down_counter    BPB=5.757  match=0.0%
  val/iq_global_rw[win(0,2)_nc4]/odd             BPB=6.164  match=0.0%
  val/iq_global_rw[win(0,2)_nc4]/MEAN               match=0.0%
  val/iq_global_rw[win(1,3)_nc4]/up_counter      BPB=2.122  match=8.3%
  val/iq_global_rw[win(1,3)_nc4]/down_counter    BPB=2.030  match=8.3%
  val/iq_global_rw[win(1,3)_nc4]/odd             BPB=2.463  match=4.2%
  val/iq_global_rw[win(1,3)_nc4]/MEAN               match=6.9%
  val/iq_global_rw[win(2,4)_nc4]/up_counter      BPB=6.452  match=12.5%
  val/iq_global_rw[win(2,4)_nc4]/down_counter    BPB=6.593  match=4.2%
  val/iq_global_rw[win(2,4)_nc4]/odd             BPB=5.796  match=8.3%
  val/iq_global_rw[win(2,4)_nc4]/MEAN               match=8.3%
  val/iq_global_rw[win(0,4)_nc4]/MEAN               match=5.1%
  val/MEAN (all iq_global_rw variants)  match=5.1%
  [new best] stage=0 step=110000 val_mean=5.1% -> logs/hmn_chunk_global_iq_rw_nc4_s1_restart/checkpoints/stage0_best.pt

--- stage=0 step=115000/200000  g=115000  loss=3.0362  00:24:54 ---
  val/iq_global_rw[win(0,2)_nc4]/up_counter      BPB=5.374  match=0.0%
  val/iq_global_rw[win(0,2)_nc4]/down_counter    BPB=5.717  match=0.0%
  val/iq_global_rw[win(0,2)_nc4]/odd             BPB=6.087  match=0.0%
  val/iq_global_rw[win(0,2)_nc4]/MEAN               match=0.0%
  val/iq_global_rw[win(1,3)_nc4]/up_counter      BPB=1.979  match=4.2%
  val/iq_global_rw[win(1,3)_nc4]/down_counter    BPB=2.130  match=8.3%
  val/iq_global_rw[win(1,3)_nc4]/odd             BPB=2.406  match=4.2%
  val/iq_global_rw[win(1,3)_nc4]/MEAN               match=5.6%
  val/iq_global_rw[win(2,4)_nc4]/up_counter      BPB=6.375  match=0.0%
  val/iq_global_rw[win(2,4)_nc4]/down_counter    BPB=6.771  match=4.2%
  val/iq_global_rw[win(2,4)_nc4]/odd             BPB=5.904  match=4.2%
  val/iq_global_rw[win(2,4)_nc4]/MEAN               match=2.8%
  val/iq_global_rw[win(0,4)_nc4]/MEAN               match=2.8%
  val/MEAN (all iq_global_rw variants)  match=2.8%

--- stage=0 step=120000/200000  g=120000  loss=2.4583  00:25:59 ---
  val/iq_global_rw[win(0,2)_nc4]/up_counter      BPB=5.431  match=0.0%
  val/iq_global_rw[win(0,2)_nc4]/down_counter    BPB=5.716  match=0.0%
  val/iq_global_rw[win(0,2)_nc4]/odd             BPB=6.106  match=0.0%
  val/iq_global_rw[win(0,2)_nc4]/MEAN               match=0.0%
  val/iq_global_rw[win(1,3)_nc4]/up_counter      BPB=1.975  match=4.2%
  val/iq_global_rw[win(1,3)_nc4]/down_counter    BPB=2.089  match=4.2%
  val/iq_global_rw[win(1,3)_nc4]/odd             BPB=2.283  match=12.5%
  val/iq_global_rw[win(1,3)_nc4]/MEAN               match=6.9%
  val/iq_global_rw[win(2,4)_nc4]/up_counter      BPB=6.388  match=0.0%
  val/iq_global_rw[win(2,4)_nc4]/down_counter    BPB=6.674  match=4.2%
  val/iq_global_rw[win(2,4)_nc4]/odd             BPB=5.944  match=0.0%
  val/iq_global_rw[win(2,4)_nc4]/MEAN               match=1.4%
  val/iq_global_rw[win(0,4)_nc4]/MEAN               match=2.8%
  val/MEAN (all iq_global_rw variants)  match=2.8%

--- stage=0 step=125000/200000  g=125000  loss=2.9669  00:27:04 ---
  val/iq_global_rw[win(0,2)_nc4]/up_counter      BPB=5.431  match=0.0%
  val/iq_global_rw[win(0,2)_nc4]/down_counter    BPB=5.717  match=0.0%
  val/iq_global_rw[win(0,2)_nc4]/odd             BPB=6.135  match=0.0%
  val/iq_global_rw[win(0,2)_nc4]/MEAN               match=0.0%
  val/iq_global_rw[win(1,3)_nc4]/up_counter      BPB=2.148  match=4.2%
  val/iq_global_rw[win(1,3)_nc4]/down_counter    BPB=2.040  match=12.5%
  val/iq_global_rw[win(1,3)_nc4]/odd             BPB=2.459  match=8.3%
  val/iq_global_rw[win(1,3)_nc4]/MEAN               match=8.3%
  val/iq_global_rw[win(2,4)_nc4]/up_counter      BPB=6.378  match=0.0%
  val/iq_global_rw[win(2,4)_nc4]/down_counter    BPB=6.657  match=4.2%
  val/iq_global_rw[win(2,4)_nc4]/odd             BPB=5.810  match=4.2%
  val/iq_global_rw[win(2,4)_nc4]/MEAN               match=2.8%
  val/iq_global_rw[win(0,4)_nc4]/MEAN               match=3.7%
  val/MEAN (all iq_global_rw variants)  match=3.7%

--- stage=0 step=130000/200000  g=130000  loss=3.0594  00:28:13 ---
  val/iq_global_rw[win(0,2)_nc4]/up_counter      BPB=5.362  match=0.0%
  val/iq_global_rw[win(0,2)_nc4]/down_counter    BPB=5.755  match=0.0%
  val/iq_global_rw[win(0,2)_nc4]/odd             BPB=6.131  match=0.0%
  val/iq_global_rw[win(0,2)_nc4]/MEAN               match=0.0%
  val/iq_global_rw[win(1,3)_nc4]/up_counter      BPB=1.959  match=8.3%
  val/iq_global_rw[win(1,3)_nc4]/down_counter    BPB=1.928  match=8.3%
  val/iq_global_rw[win(1,3)_nc4]/odd             BPB=2.444  match=4.2%
  val/iq_global_rw[win(1,3)_nc4]/MEAN               match=6.9%
  val/iq_global_rw[win(2,4)_nc4]/up_counter      BPB=6.423  match=0.0%
  val/iq_global_rw[win(2,4)_nc4]/down_counter    BPB=6.625  match=4.2%
  val/iq_global_rw[win(2,4)_nc4]/odd             BPB=5.851  match=8.3%
  val/iq_global_rw[win(2,4)_nc4]/MEAN               match=4.2%
  val/iq_global_rw[win(0,4)_nc4]/MEAN               match=3.7%
  val/MEAN (all iq_global_rw variants)  match=3.7%

--- stage=0 step=135000/200000  g=135000  loss=2.8276  00:29:21 ---
  val/iq_global_rw[win(0,2)_nc4]/up_counter      BPB=5.369  match=0.0%
  val/iq_global_rw[win(0,2)_nc4]/down_counter    BPB=5.666  match=0.0%
  val/iq_global_rw[win(0,2)_nc4]/odd             BPB=6.009  match=0.0%
  val/iq_global_rw[win(0,2)_nc4]/MEAN               match=0.0%
  val/iq_global_rw[win(1,3)_nc4]/up_counter      BPB=2.045  match=8.3%
  val/iq_global_rw[win(1,3)_nc4]/down_counter    BPB=2.041  match=8.3%
  val/iq_global_rw[win(1,3)_nc4]/odd             BPB=2.373  match=4.2%
  val/iq_global_rw[win(1,3)_nc4]/MEAN               match=6.9%
  val/iq_global_rw[win(2,4)_nc4]/up_counter      BPB=6.375  match=0.0%
  val/iq_global_rw[win(2,4)_nc4]/down_counter    BPB=6.606  match=4.2%
  val/iq_global_rw[win(2,4)_nc4]/odd             BPB=5.782  match=4.2%
  val/iq_global_rw[win(2,4)_nc4]/MEAN               match=2.8%
  val/iq_global_rw[win(0,4)_nc4]/MEAN               match=3.2%
  val/MEAN (all iq_global_rw variants)  match=3.2%

--- stage=0 step=140000/200000  g=140000  loss=3.0201  00:30:28 ---
  val/iq_global_rw[win(0,2)_nc4]/up_counter      BPB=5.398  match=0.0%
  val/iq_global_rw[win(0,2)_nc4]/down_counter    BPB=5.685  match=0.0%
  val/iq_global_rw[win(0,2)_nc4]/odd             BPB=6.028  match=0.0%
  val/iq_global_rw[win(0,2)_nc4]/MEAN               match=0.0%
  val/iq_global_rw[win(1,3)_nc4]/up_counter      BPB=2.076  match=8.3%
  val/iq_global_rw[win(1,3)_nc4]/down_counter    BPB=1.983  match=8.3%
  val/iq_global_rw[win(1,3)_nc4]/odd             BPB=2.420  match=4.2%
  val/iq_global_rw[win(1,3)_nc4]/MEAN               match=6.9%
  val/iq_global_rw[win(2,4)_nc4]/up_counter      BPB=6.364  match=0.0%
  val/iq_global_rw[win(2,4)_nc4]/down_counter    BPB=6.656  match=4.2%
  val/iq_global_rw[win(2,4)_nc4]/odd             BPB=5.836  match=4.2%
  val/iq_global_rw[win(2,4)_nc4]/MEAN               match=2.8%
  val/iq_global_rw[win(0,4)_nc4]/MEAN               match=3.2%
  val/MEAN (all iq_global_rw variants)  match=3.2%

--- stage=0 step=145000/200000  g=145000  loss=2.7587  00:31:34 ---
  val/iq_global_rw[win(0,2)_nc4]/up_counter      BPB=5.394  match=0.0%
  val/iq_global_rw[win(0,2)_nc4]/down_counter    BPB=5.682  match=0.0%
  val/iq_global_rw[win(0,2)_nc4]/odd             BPB=6.065  match=0.0%
  val/iq_global_rw[win(0,2)_nc4]/MEAN               match=0.0%
  val/iq_global_rw[win(1,3)_nc4]/up_counter      BPB=2.048  match=8.3%
  val/iq_global_rw[win(1,3)_nc4]/down_counter    BPB=1.995  match=8.3%
  val/iq_global_rw[win(1,3)_nc4]/odd             BPB=2.410  match=4.2%
  val/iq_global_rw[win(1,3)_nc4]/MEAN               match=6.9%
  val/iq_global_rw[win(2,4)_nc4]/up_counter      BPB=6.368  match=0.0%
  val/iq_global_rw[win(2,4)_nc4]/down_counter    BPB=6.638  match=4.2%
  val/iq_global_rw[win(2,4)_nc4]/odd             BPB=5.842  match=4.2%
  val/iq_global_rw[win(2,4)_nc4]/MEAN               match=2.8%
  val/iq_global_rw[win(0,4)_nc4]/MEAN               match=3.2%
  val/MEAN (all iq_global_rw variants)  match=3.2%

--- stage=0 step=150000/200000  g=150000  loss=2.6657  00:32:40 ---
  val/iq_global_rw[win(0,2)_nc4]/up_counter      BPB=5.366  match=0.0%
  val/iq_global_rw[win(0,2)_nc4]/down_counter    BPB=5.676  match=0.0%
  val/iq_global_rw[win(0,2)_nc4]/odd             BPB=6.040  match=0.0%
  val/iq_global_rw[win(0,2)_nc4]/MEAN               match=0.0%
  val/iq_global_rw[win(1,3)_nc4]/up_counter      BPB=2.025  match=8.3%
  val/iq_global_rw[win(1,3)_nc4]/down_counter    BPB=1.996  match=8.3%
  val/iq_global_rw[win(1,3)_nc4]/odd             BPB=2.376  match=4.2%
  val/iq_global_rw[win(1,3)_nc4]/MEAN               match=6.9%
  val/iq_global_rw[win(2,4)_nc4]/up_counter      BPB=6.362  match=0.0%
  val/iq_global_rw[win(2,4)_nc4]/down_counter    BPB=6.613  match=4.2%
  val/iq_global_rw[win(2,4)_nc4]/odd             BPB=5.827  match=4.2%
  val/iq_global_rw[win(2,4)_nc4]/MEAN               match=2.8%
  val/iq_global_rw[win(0,4)_nc4]/MEAN               match=3.2%
  val/MEAN (all iq_global_rw variants)  match=3.2%

--- stage=0 step=155000/200000  g=155000  loss=2.8174  00:33:47 ---
  val/iq_global_rw[win(0,2)_nc4]/up_counter      BPB=5.622  match=0.0%
  val/iq_global_rw[win(0,2)_nc4]/down_counter    BPB=5.674  match=0.0%
  val/iq_global_rw[win(0,2)_nc4]/odd             BPB=5.763  match=0.0%
  val/iq_global_rw[win(0,2)_nc4]/MEAN               match=0.0%
  val/iq_global_rw[win(1,3)_nc4]/up_counter      BPB=2.067  match=12.5%
  val/iq_global_rw[win(1,3)_nc4]/down_counter    BPB=2.294  match=4.2%
  val/iq_global_rw[win(1,3)_nc4]/odd             BPB=2.379  match=8.3%
  val/iq_global_rw[win(1,3)_nc4]/MEAN               match=8.3%
  val/iq_global_rw[win(2,4)_nc4]/up_counter      BPB=6.268  match=0.0%
  val/iq_global_rw[win(2,4)_nc4]/down_counter    BPB=6.656  match=4.2%
  val/iq_global_rw[win(2,4)_nc4]/odd             BPB=5.943  match=4.2%
  val/iq_global_rw[win(2,4)_nc4]/MEAN               match=2.8%
  val/iq_global_rw[win(0,4)_nc4]/MEAN               match=3.7%
  val/MEAN (all iq_global_rw variants)  match=3.7%

--- stage=0 step=160000/200000  g=160000  loss=3.0351  00:34:54 ---
  val/iq_global_rw[win(0,2)_nc4]/up_counter      BPB=5.556  match=0.0%
  val/iq_global_rw[win(0,2)_nc4]/down_counter    BPB=5.898  match=4.2%
  val/iq_global_rw[win(0,2)_nc4]/odd             BPB=5.976  match=0.0%
  val/iq_global_rw[win(0,2)_nc4]/MEAN               match=1.4%
  val/iq_global_rw[win(1,3)_nc4]/up_counter      BPB=2.018  match=4.2%
  val/iq_global_rw[win(1,3)_nc4]/down_counter    BPB=2.227  match=4.2%
  val/iq_global_rw[win(1,3)_nc4]/odd             BPB=2.516  match=4.2%
  val/iq_global_rw[win(1,3)_nc4]/MEAN               match=4.2%
  val/iq_global_rw[win(2,4)_nc4]/up_counter      BPB=6.252  match=0.0%
  val/iq_global_rw[win(2,4)_nc4]/down_counter    BPB=6.602  match=4.2%
  val/iq_global_rw[win(2,4)_nc4]/odd             BPB=5.940  match=4.2%
  val/iq_global_rw[win(2,4)_nc4]/MEAN               match=2.8%
  val/iq_global_rw[win(0,4)_nc4]/MEAN               match=2.8%
  val/MEAN (all iq_global_rw variants)  match=2.8%

--- stage=0 step=165000/200000  g=165000  loss=2.7125  00:36:00 ---
  val/iq_global_rw[win(0,2)_nc4]/up_counter      BPB=5.397  match=0.0%
  val/iq_global_rw[win(0,2)_nc4]/down_counter    BPB=5.900  match=0.0%
  val/iq_global_rw[win(0,2)_nc4]/odd             BPB=6.181  match=0.0%
  val/iq_global_rw[win(0,2)_nc4]/MEAN               match=0.0%
  val/iq_global_rw[win(1,3)_nc4]/up_counter      BPB=2.097  match=4.2%
  val/iq_global_rw[win(1,3)_nc4]/down_counter    BPB=2.146  match=12.5%
  val/iq_global_rw[win(1,3)_nc4]/odd             BPB=2.235  match=4.2%
  val/iq_global_rw[win(1,3)_nc4]/MEAN               match=6.9%
  val/iq_global_rw[win(2,4)_nc4]/up_counter      BPB=6.129  match=0.0%
  val/iq_global_rw[win(2,4)_nc4]/down_counter    BPB=6.672  match=4.2%
  val/iq_global_rw[win(2,4)_nc4]/odd             BPB=5.798  match=4.2%
  val/iq_global_rw[win(2,4)_nc4]/MEAN               match=2.8%
  val/iq_global_rw[win(0,4)_nc4]/MEAN               match=3.2%
  val/MEAN (all iq_global_rw variants)  match=3.2%

--- stage=0 step=170000/200000  g=170000  loss=2.8023  00:37:06 ---
  val/iq_global_rw[win(0,2)_nc4]/up_counter      BPB=5.501  match=0.0%
  val/iq_global_rw[win(0,2)_nc4]/down_counter    BPB=5.677  match=4.2%
  val/iq_global_rw[win(0,2)_nc4]/odd             BPB=5.926  match=0.0%
  val/iq_global_rw[win(0,2)_nc4]/MEAN               match=1.4%
  val/iq_global_rw[win(1,3)_nc4]/up_counter      BPB=2.162  match=8.3%
  val/iq_global_rw[win(1,3)_nc4]/down_counter    BPB=2.309  match=4.2%
  val/iq_global_rw[win(1,3)_nc4]/odd             BPB=2.269  match=4.2%
  val/iq_global_rw[win(1,3)_nc4]/MEAN               match=5.6%
  val/iq_global_rw[win(2,4)_nc4]/up_counter      BPB=6.202  match=0.0%
  val/iq_global_rw[win(2,4)_nc4]/down_counter    BPB=6.712  match=4.2%
  val/iq_global_rw[win(2,4)_nc4]/odd             BPB=5.757  match=12.5%
  val/iq_global_rw[win(2,4)_nc4]/MEAN               match=5.6%
  val/iq_global_rw[win(0,4)_nc4]/MEAN               match=4.2%
  val/MEAN (all iq_global_rw variants)  match=4.2%

--- stage=0 step=175000/200000  g=175000  loss=1.9503  00:38:14 ---
  val/iq_global_rw[win(0,2)_nc4]/up_counter      BPB=5.348  match=0.0%
  val/iq_global_rw[win(0,2)_nc4]/down_counter    BPB=5.930  match=0.0%
  val/iq_global_rw[win(0,2)_nc4]/odd             BPB=5.772  match=0.0%
  val/iq_global_rw[win(0,2)_nc4]/MEAN               match=0.0%
  val/iq_global_rw[win(1,3)_nc4]/up_counter      BPB=2.128  match=12.5%
  val/iq_global_rw[win(1,3)_nc4]/down_counter    BPB=2.426  match=12.5%
  val/iq_global_rw[win(1,3)_nc4]/odd             BPB=2.142  match=4.2%
  val/iq_global_rw[win(1,3)_nc4]/MEAN               match=9.7%
  val/iq_global_rw[win(2,4)_nc4]/up_counter      BPB=6.210  match=4.2%
  val/iq_global_rw[win(2,4)_nc4]/down_counter    BPB=6.616  match=4.2%
  val/iq_global_rw[win(2,4)_nc4]/odd             BPB=5.713  match=4.2%
  val/iq_global_rw[win(2,4)_nc4]/MEAN               match=4.2%
  val/iq_global_rw[win(0,4)_nc4]/MEAN               match=4.6%
  val/MEAN (all iq_global_rw variants)  match=4.6%

--- stage=0 step=180000/200000  g=180000  loss=3.3974  00:39:23 ---
  val/iq_global_rw[win(0,2)_nc4]/up_counter      BPB=5.387  match=0.0%
  val/iq_global_rw[win(0,2)_nc4]/down_counter    BPB=5.764  match=0.0%
  val/iq_global_rw[win(0,2)_nc4]/odd             BPB=5.784  match=0.0%
  val/iq_global_rw[win(0,2)_nc4]/MEAN               match=0.0%
  val/iq_global_rw[win(1,3)_nc4]/up_counter      BPB=1.972  match=12.5%
  val/iq_global_rw[win(1,3)_nc4]/down_counter    BPB=2.065  match=12.5%
  val/iq_global_rw[win(1,3)_nc4]/odd             BPB=2.334  match=4.2%
  val/iq_global_rw[win(1,3)_nc4]/MEAN               match=9.7%
  val/iq_global_rw[win(2,4)_nc4]/up_counter      BPB=6.100  match=0.0%
  val/iq_global_rw[win(2,4)_nc4]/down_counter    BPB=6.613  match=4.2%
  val/iq_global_rw[win(2,4)_nc4]/odd             BPB=5.773  match=4.2%
  val/iq_global_rw[win(2,4)_nc4]/MEAN               match=2.8%
  val/iq_global_rw[win(0,4)_nc4]/MEAN               match=4.2%
  val/MEAN (all iq_global_rw variants)  match=4.2%

--- stage=0 step=185000/200000  g=185000  loss=2.6578  00:40:30 ---
  val/iq_global_rw[win(0,2)_nc4]/up_counter      BPB=5.303  match=0.0%
  val/iq_global_rw[win(0,2)_nc4]/down_counter    BPB=5.715  match=0.0%
  val/iq_global_rw[win(0,2)_nc4]/odd             BPB=5.630  match=0.0%
  val/iq_global_rw[win(0,2)_nc4]/MEAN               match=0.0%
  val/iq_global_rw[win(1,3)_nc4]/up_counter      BPB=2.069  match=8.3%
  val/iq_global_rw[win(1,3)_nc4]/down_counter    BPB=2.048  match=8.3%
  val/iq_global_rw[win(1,3)_nc4]/odd             BPB=2.043  match=8.3%
  val/iq_global_rw[win(1,3)_nc4]/MEAN               match=8.3%
  val/iq_global_rw[win(2,4)_nc4]/up_counter      BPB=6.264  match=4.2%
  val/iq_global_rw[win(2,4)_nc4]/down_counter    BPB=6.676  match=4.2%
  val/iq_global_rw[win(2,4)_nc4]/odd             BPB=5.940  match=0.0%
  val/iq_global_rw[win(2,4)_nc4]/MEAN               match=2.8%
  val/iq_global_rw[win(0,4)_nc4]/MEAN               match=3.7%
  val/MEAN (all iq_global_rw variants)  match=3.7%

--- stage=0 step=190000/200000  g=190000  loss=2.7941  00:41:37 ---
  val/iq_global_rw[win(0,2)_nc4]/up_counter      BPB=5.353  match=4.2%
  val/iq_global_rw[win(0,2)_nc4]/down_counter    BPB=5.832  match=4.2%
  val/iq_global_rw[win(0,2)_nc4]/odd             BPB=5.828  match=0.0%
  val/iq_global_rw[win(0,2)_nc4]/MEAN               match=2.8%
  val/iq_global_rw[win(1,3)_nc4]/up_counter      BPB=2.073  match=4.2%
  val/iq_global_rw[win(1,3)_nc4]/down_counter    BPB=2.261  match=0.0%
  val/iq_global_rw[win(1,3)_nc4]/odd             BPB=2.203  match=8.3%
  val/iq_global_rw[win(1,3)_nc4]/MEAN               match=4.2%
  val/iq_global_rw[win(2,4)_nc4]/up_counter      BPB=5.994  match=0.0%
  val/iq_global_rw[win(2,4)_nc4]/down_counter    BPB=6.667  match=4.2%
  val/iq_global_rw[win(2,4)_nc4]/odd             BPB=5.668  match=4.2%
  val/iq_global_rw[win(2,4)_nc4]/MEAN               match=2.8%
  val/iq_global_rw[win(0,4)_nc4]/MEAN               match=3.2%
  val/MEAN (all iq_global_rw variants)  match=3.2%

--- stage=0 step=195000/200000  g=195000  loss=2.3830  00:42:45 ---
  val/iq_global_rw[win(0,2)_nc4]/up_counter      BPB=5.144  match=0.0%
  val/iq_global_rw[win(0,2)_nc4]/down_counter    BPB=5.544  match=0.0%
  val/iq_global_rw[win(0,2)_nc4]/odd             BPB=5.471  match=0.0%
  val/iq_global_rw[win(0,2)_nc4]/MEAN               match=0.0%
  val/iq_global_rw[win(1,3)_nc4]/up_counter      BPB=2.022  match=4.2%
  val/iq_global_rw[win(1,3)_nc4]/down_counter    BPB=1.978  match=4.2%
  val/iq_global_rw[win(1,3)_nc4]/odd             BPB=1.983  match=4.2%
  val/iq_global_rw[win(1,3)_nc4]/MEAN               match=4.2%
  val/iq_global_rw[win(2,4)_nc4]/up_counter      BPB=6.240  match=0.0%
  val/iq_global_rw[win(2,4)_nc4]/down_counter    BPB=6.706  match=4.2%
  val/iq_global_rw[win(2,4)_nc4]/odd             BPB=5.780  match=0.0%
  val/iq_global_rw[win(2,4)_nc4]/MEAN               match=1.4%
  val/iq_global_rw[win(0,4)_nc4]/MEAN               match=1.9%
  val/MEAN (all iq_global_rw variants)  match=1.9%

--- stage=0 step=200000/200000  g=200000  loss=2.5841  00:43:54 ---
  val/iq_global_rw[win(0,2)_nc4]/up_counter      BPB=5.300  match=0.0%
  val/iq_global_rw[win(0,2)_nc4]/down_counter    BPB=5.655  match=4.2%
  val/iq_global_rw[win(0,2)_nc4]/odd             BPB=5.851  match=0.0%
  val/iq_global_rw[win(0,2)_nc4]/MEAN               match=1.4%
  val/iq_global_rw[win(1,3)_nc4]/up_counter      BPB=1.975  match=12.5%
  val/iq_global_rw[win(1,3)_nc4]/down_counter    BPB=2.162  match=4.2%
  val/iq_global_rw[win(1,3)_nc4]/odd             BPB=2.075  match=4.2%
  val/iq_global_rw[win(1,3)_nc4]/MEAN               match=6.9%
  val/iq_global_rw[win(2,4)_nc4]/up_counter      BPB=6.166  match=0.0%
  val/iq_global_rw[win(2,4)_nc4]/down_counter    BPB=6.560  match=4.2%
  val/iq_global_rw[win(2,4)_nc4]/odd             BPB=5.843  match=0.0%
  val/iq_global_rw[win(2,4)_nc4]/MEAN               match=1.4%
  val/iq_global_rw[win(0,4)_nc4]/MEAN               match=3.2%
  val/MEAN (all iq_global_rw variants)  match=3.2%
  [ckpt] logs/hmn_chunk_global_iq_rw_nc4_s1_restart/checkpoints/stage0_end.pt

Done. 00:43:55
